Archive member included to satisfy reference by file (symbol)

c:/program files (x86)/atmel/studio/7.0/toolchain/avr8/avr8-gnu-toolchain/bin/../lib/gcc/avr/4.9.2/avrxmega6\libgcc.a(_exit.o)
                              C:/Program Files (x86)/Atmel/Studio/7.0/Packs/atmel/XMEGAA_DFP/1.0.36/gcc/dev/atxmega256a3u/avrxmega6/crtatxmega256a3u.o (exit)
c:/program files (x86)/atmel/studio/7.0/toolchain/avr8/avr8-gnu-toolchain/bin/../lib/gcc/avr/4.9.2/avrxmega6\libgcc.a(_clear_bss.o)
                              i2cAPI.o (__do_clear_bss)

Allocating common symbols
Common symbol       size              file

twiSlave            0x25              i2cAPI.o

Discarded input sections

 .data          0x00000000        0x0 C:/Program Files (x86)/Atmel/Studio/7.0/Packs/atmel/XMEGAA_DFP/1.0.36/gcc/dev/atxmega256a3u/avrxmega6/crtatxmega256a3u.o
 .bss           0x00000000        0x0 C:/Program Files (x86)/Atmel/Studio/7.0/Packs/atmel/XMEGAA_DFP/1.0.36/gcc/dev/atxmega256a3u/avrxmega6/crtatxmega256a3u.o
 .text          0x00000000        0x0 i2cAPI.o
 .data          0x00000000        0x0 i2cAPI.o
 .bss           0x00000000        0x0 i2cAPI.o
 .text.byteQueue_deQueue
                0x00000000       0x30 i2cAPI.o
 .text.i2cAPI_checkForPackets
                0x00000000      0x246 i2cAPI.o
 .text.i2cAPI_hasPacket
                0x00000000        0x6 i2cAPI.o
 .text.i2cAPI_getPacket
                0x00000000       0x4e i2cAPI.o
 .text.i2cAPI_setReturnPacket
                0x00000000       0x92 i2cAPI.o
 .bss.packetQueue
                0x00000000      0x104 i2cAPI.o
 .text          0x00000000        0x0 led.o
 .data          0x00000000        0x0 led.o
 .bss           0x00000000        0x0 led.o
 .text.led_cmdOn
                0x00000000        0x8 led.o
 .text.led_cmdOff
                0x00000000        0x8 led.o
 .text.led_pingToggle
                0x00000000        0x8 led.o
 .text.led_aliveOn
                0x00000000        0x8 led.o
 .text.led_aliveOff
                0x00000000        0x8 led.o
 .text.led_aliveToggle
                0x00000000        0x8 led.o
 .text.led_dataOut
                0x00000000        0x8 led.o
 .text.led_bitSet
                0x00000000       0x14 led.o
 .text.led_bitClear
                0x00000000       0x14 led.o
 .text.led_bitToggle
                0x00000000       0x14 led.o
 .text          0x00000000        0x0 twi_slave_driver.o
 .data          0x00000000        0x0 twi_slave_driver.o
 .bss           0x00000000        0x0 twi_slave_driver.o
 .text.TWI_SlaveTransactionFinished
                0x00000000        0x8 twi_slave_driver.o
 .text          0x00000000        0x0 main.o
 .data          0x00000000        0x0 main.o
 .bss           0x00000000        0x0 main.o
 .text          0x00000000        0x0 c:/program files (x86)/atmel/studio/7.0/toolchain/avr8/avr8-gnu-toolchain/bin/../lib/gcc/avr/4.9.2/avrxmega6\libgcc.a(_exit.o)
 .data          0x00000000        0x0 c:/program files (x86)/atmel/studio/7.0/toolchain/avr8/avr8-gnu-toolchain/bin/../lib/gcc/avr/4.9.2/avrxmega6\libgcc.a(_exit.o)
 .bss           0x00000000        0x0 c:/program files (x86)/atmel/studio/7.0/toolchain/avr8/avr8-gnu-toolchain/bin/../lib/gcc/avr/4.9.2/avrxmega6\libgcc.a(_exit.o)
 .text.libgcc.mul
                0x00000000        0x0 c:/program files (x86)/atmel/studio/7.0/toolchain/avr8/avr8-gnu-toolchain/bin/../lib/gcc/avr/4.9.2/avrxmega6\libgcc.a(_exit.o)
 .text.libgcc.div
                0x00000000        0x0 c:/program files (x86)/atmel/studio/7.0/toolchain/avr8/avr8-gnu-toolchain/bin/../lib/gcc/avr/4.9.2/avrxmega6\libgcc.a(_exit.o)
 .text.libgcc   0x00000000        0x0 c:/program files (x86)/atmel/studio/7.0/toolchain/avr8/avr8-gnu-toolchain/bin/../lib/gcc/avr/4.9.2/avrxmega6\libgcc.a(_exit.o)
 .text.libgcc.prologue
                0x00000000        0x0 c:/program files (x86)/atmel/studio/7.0/toolchain/avr8/avr8-gnu-toolchain/bin/../lib/gcc/avr/4.9.2/avrxmega6\libgcc.a(_exit.o)
 .text.libgcc.builtins
                0x00000000        0x0 c:/program files (x86)/atmel/studio/7.0/toolchain/avr8/avr8-gnu-toolchain/bin/../lib/gcc/avr/4.9.2/avrxmega6\libgcc.a(_exit.o)
 .text.libgcc.fmul
                0x00000000        0x0 c:/program files (x86)/atmel/studio/7.0/toolchain/avr8/avr8-gnu-toolchain/bin/../lib/gcc/avr/4.9.2/avrxmega6\libgcc.a(_exit.o)
 .text.libgcc.fixed
                0x00000000        0x0 c:/program files (x86)/atmel/studio/7.0/toolchain/avr8/avr8-gnu-toolchain/bin/../lib/gcc/avr/4.9.2/avrxmega6\libgcc.a(_exit.o)
 .text          0x00000000        0x0 c:/program files (x86)/atmel/studio/7.0/toolchain/avr8/avr8-gnu-toolchain/bin/../lib/gcc/avr/4.9.2/avrxmega6\libgcc.a(_clear_bss.o)
 .data          0x00000000        0x0 c:/program files (x86)/atmel/studio/7.0/toolchain/avr8/avr8-gnu-toolchain/bin/../lib/gcc/avr/4.9.2/avrxmega6\libgcc.a(_clear_bss.o)
 .bss           0x00000000        0x0 c:/program files (x86)/atmel/studio/7.0/toolchain/avr8/avr8-gnu-toolchain/bin/../lib/gcc/avr/4.9.2/avrxmega6\libgcc.a(_clear_bss.o)
 .text.libgcc.mul
                0x00000000        0x0 c:/program files (x86)/atmel/studio/7.0/toolchain/avr8/avr8-gnu-toolchain/bin/../lib/gcc/avr/4.9.2/avrxmega6\libgcc.a(_clear_bss.o)
 .text.libgcc.div
                0x00000000        0x0 c:/program files (x86)/atmel/studio/7.0/toolchain/avr8/avr8-gnu-toolchain/bin/../lib/gcc/avr/4.9.2/avrxmega6\libgcc.a(_clear_bss.o)
 .text.libgcc   0x00000000        0x0 c:/program files (x86)/atmel/studio/7.0/toolchain/avr8/avr8-gnu-toolchain/bin/../lib/gcc/avr/4.9.2/avrxmega6\libgcc.a(_clear_bss.o)
 .text.libgcc.prologue
                0x00000000        0x0 c:/program files (x86)/atmel/studio/7.0/toolchain/avr8/avr8-gnu-toolchain/bin/../lib/gcc/avr/4.9.2/avrxmega6\libgcc.a(_clear_bss.o)
 .text.libgcc.builtins
                0x00000000        0x0 c:/program files (x86)/atmel/studio/7.0/toolchain/avr8/avr8-gnu-toolchain/bin/../lib/gcc/avr/4.9.2/avrxmega6\libgcc.a(_clear_bss.o)
 .text.libgcc.fmul
                0x00000000        0x0 c:/program files (x86)/atmel/studio/7.0/toolchain/avr8/avr8-gnu-toolchain/bin/../lib/gcc/avr/4.9.2/avrxmega6\libgcc.a(_clear_bss.o)
 .text.libgcc.fixed
                0x00000000        0x0 c:/program files (x86)/atmel/studio/7.0/toolchain/avr8/avr8-gnu-toolchain/bin/../lib/gcc/avr/4.9.2/avrxmega6\libgcc.a(_clear_bss.o)

Memory Configuration

Name             Origin             Length             Attributes
text             0x00000000         0x00100000         xr
data             0x00802000         0x0000ffa0         rw !x
eeprom           0x00810000         0x00010000         rw !x
fuse             0x00820000         0x00000400         rw !x
lock             0x00830000         0x00000400         rw !x
signature        0x00840000         0x00000400         rw !x
user_signatures  0x00850000         0x00000400         rw !x
*default*        0x00000000         0xffffffff

Linker script and memory map

LOAD C:/Program Files (x86)/Atmel/Studio/7.0/Packs/atmel/XMEGAA_DFP/1.0.36/gcc/dev/atxmega256a3u/avrxmega6/crtatxmega256a3u.o
LOAD i2cAPI.o
LOAD led.o
LOAD twi_slave_driver.o
LOAD main.o
START GROUP
LOAD c:/program files (x86)/atmel/studio/7.0/toolchain/avr8/avr8-gnu-toolchain/bin/../lib/gcc/avr/4.9.2/../../../../avr/lib/avrxmega6\libm.a
END GROUP
START GROUP
LOAD c:/program files (x86)/atmel/studio/7.0/toolchain/avr8/avr8-gnu-toolchain/bin/../lib/gcc/avr/4.9.2/avrxmega6\libgcc.a
LOAD c:/program files (x86)/atmel/studio/7.0/toolchain/avr8/avr8-gnu-toolchain/bin/../lib/gcc/avr/4.9.2/../../../../avr/lib/avrxmega6\libm.a
LOAD c:/program files (x86)/atmel/studio/7.0/toolchain/avr8/avr8-gnu-toolchain/bin/../lib/gcc/avr/4.9.2/../../../../avr/lib/avrxmega6\libc.a
LOAD C:/Program Files (x86)/Atmel/Studio/7.0/Packs/atmel/XMEGAA_DFP/1.0.36/gcc/dev/atxmega256a3u/avrxmega6\libatxmega256a3u.a
END GROUP

.hash
 *(.hash)

.dynsym
 *(.dynsym)

.dynstr
 *(.dynstr)

.gnu.version
 *(.gnu.version)

.gnu.version_d
 *(.gnu.version_d)

.gnu.version_r
 *(.gnu.version_r)

.rel.init
 *(.rel.init)

.rela.init
 *(.rela.init)

.rel.text
 *(.rel.text)
 *(.rel.text.*)
 *(.rel.gnu.linkonce.t*)

.rela.text
 *(.rela.text)
 *(.rela.text.*)
 *(.rela.gnu.linkonce.t*)

.rel.fini
 *(.rel.fini)

.rela.fini
 *(.rela.fini)

.rel.rodata
 *(.rel.rodata)
 *(.rel.rodata.*)
 *(.rel.gnu.linkonce.r*)

.rela.rodata
 *(.rela.rodata)
 *(.rela.rodata.*)
 *(.rela.gnu.linkonce.r*)

.rel.data
 *(.rel.data)
 *(.rel.data.*)
 *(.rel.gnu.linkonce.d*)

.rela.data
 *(.rela.data)
 *(.rela.data.*)
 *(.rela.gnu.linkonce.d*)

.rel.ctors
 *(.rel.ctors)

.rela.ctors
 *(.rela.ctors)

.rel.dtors
 *(.rel.dtors)

.rela.dtors
 *(.rela.dtors)

.rel.got
 *(.rel.got)

.rela.got
 *(.rela.got)

.rel.bss
 *(.rel.bss)

.rela.bss
 *(.rela.bss)

.rel.plt
 *(.rel.plt)

.rela.plt
 *(.rela.plt)

.text           0x00000000      0x5ca
 *(.vectors)
 .vectors       0x00000000      0x1fc C:/Program Files (x86)/Atmel/Studio/7.0/Packs/atmel/XMEGAA_DFP/1.0.36/gcc/dev/atxmega256a3u/avrxmega6/crtatxmega256a3u.o
                0x00000000                __vector_default
                0x00000000                __vectors
 *(.vectors)
 *(.progmem.gcc*)
                0x000001fc                . = ALIGN (0x2)
                0x000001fc                __trampolines_start = .
 *(.trampolines)
 .trampolines   0x000001fc        0x4 linker stubs
 *(.trampolines*)
                0x00000200                __trampolines_end = .
 *(.progmem*)
                0x00000200                . = ALIGN (0x2)
 *(.jumptables)
 *(.jumptables*)
 *(.lowtext)
 *(.lowtext*)
                0x00000200                __ctors_start = .
 *(.ctors)
                0x00000200                __ctors_end = .
                0x00000200                __dtors_start = .
 *(.dtors)
                0x00000200                __dtors_end = .
 SORT(*)(.ctors)
 SORT(*)(.dtors)
 *(.init0)
 .init0         0x00000200        0x0 C:/Program Files (x86)/Atmel/Studio/7.0/Packs/atmel/XMEGAA_DFP/1.0.36/gcc/dev/atxmega256a3u/avrxmega6/crtatxmega256a3u.o
                0x00000200                __init
 *(.init0)
 *(.init1)
 *(.init1)
 *(.init2)
 .init2         0x00000200       0x10 C:/Program Files (x86)/Atmel/Studio/7.0/Packs/atmel/XMEGAA_DFP/1.0.36/gcc/dev/atxmega256a3u/avrxmega6/crtatxmega256a3u.o
 *(.init2)
 *(.init3)
 *(.init3)
 *(.init4)
 .init4         0x00000210       0x10 c:/program files (x86)/atmel/studio/7.0/toolchain/avr8/avr8-gnu-toolchain/bin/../lib/gcc/avr/4.9.2/avrxmega6\libgcc.a(_clear_bss.o)
                0x00000210                __do_clear_bss
 *(.init4)
 *(.init5)
 *(.init5)
 *(.init6)
 *(.init6)
 *(.init7)
 *(.init7)
 *(.init8)
 *(.init8)
 *(.init9)
 .init9         0x00000220        0x8 C:/Program Files (x86)/Atmel/Studio/7.0/Packs/atmel/XMEGAA_DFP/1.0.36/gcc/dev/atxmega256a3u/avrxmega6/crtatxmega256a3u.o
 *(.init9)
 *(.text)
 .text          0x00000228        0x4 C:/Program Files (x86)/Atmel/Studio/7.0/Packs/atmel/XMEGAA_DFP/1.0.36/gcc/dev/atxmega256a3u/avrxmega6/crtatxmega256a3u.o
                0x00000228                __vector_38
                0x00000228                __vector_104
                0x00000228                __vector_22
                0x00000228                __vector_63
                0x00000228                __vector_28
                0x00000228                __vector_67
                0x00000228                __vector_1
                0x00000228                __vector_119
                0x00000228                __vector_32
                0x00000228                __vector_75
                0x00000228                __vector_71
                0x00000228                __vector_91
                0x00000228                __vector_34
                0x00000228                __vector_62
                0x00000228                __vector_77
                0x00000228                __vector_102
                0x00000228                __vector_24
                0x00000228                __vector_12
                0x00000228                __vector_55
                0x00000228                __vector_69
                0x00000228                __vector_81
                0x00000228                __vector_90
                0x00000228                __vector_46
                0x00000228                __bad_interrupt
                0x00000228                __vector_122
                0x00000228                __vector_72
                0x00000228                __vector_114
                0x00000228                __vector_6
                0x00000228                __vector_110
                0x00000228                __vector_31
                0x00000228                __vector_92
                0x00000228                __vector_35
                0x00000228                __vector_78
                0x00000228                __vector_74
                0x00000228                __vector_117
                0x00000228                __vector_39
                0x00000228                __vector_107
                0x00000228                __vector_3
                0x00000228                __vector_105
                0x00000228                __vector_98
                0x00000228                __vector_23
                0x00000228                __vector_68
                0x00000228                __vector_30
                0x00000228                __vector_73
                0x00000228                __vector_25
                0x00000228                __vector_93
                0x00000228                __vector_61
                0x00000228                __vector_11
                0x00000228                __vector_54
                0x00000228                __vector_99
                0x00000228                __vector_13
                0x00000228                __vector_17
                0x00000228                __vector_19
                0x00000228                __vector_56
                0x00000228                __vector_7
                0x00000228                __vector_125
                0x00000228                __vector_49
                0x00000228                __vector_123
                0x00000228                __vector_41
                0x00000228                __vector_86
                0x00000228                __vector_100
                0x00000228                __vector_101
                0x00000228                __vector_64
                0x00000228                __vector_88
                0x00000228                __vector_109
                0x00000228                __vector_43
                0x00000228                __vector_27
                0x00000228                __vector_5
                0x00000228                __vector_113
                0x00000228                __vector_33
                0x00000228                __vector_76
                0x00000228                __vector_115
                0x00000228                __vector_47
                0x00000228                __vector_52
                0x00000228                __vector_37
                0x00000228                __vector_95
                0x00000228                __vector_103
                0x00000228                __vector_96
                0x00000228                __vector_89
                0x00000228                __vector_108
                0x00000228                __vector_4
                0x00000228                __vector_44
                0x00000228                __vector_82
                0x00000228                __vector_106
                0x00000228                __vector_118
                0x00000228                __vector_51
                0x00000228                __vector_9
                0x00000228                __vector_2
                0x00000228                __vector_21
                0x00000228                __vector_15
                0x00000228                __vector_66
                0x00000228                __vector_36
                0x00000228                __vector_79
                0x00000228                __vector_58
                0x00000228                __vector_70
                0x00000228                __vector_83
                0x00000228                __vector_29
                0x00000228                __vector_60
                0x00000228                __vector_121
                0x00000228                __vector_40
                0x00000228                __vector_85
                0x00000228                __vector_94
                0x00000228                __vector_126
                0x00000228                __vector_8
                0x00000228                __vector_26
                0x00000228                __vector_48
                0x00000228                __vector_124
                0x00000228                __vector_116
                0x00000228                __vector_112
                0x00000228                __vector_111
                0x00000228                __vector_80
                0x00000228                __vector_14
                0x00000228                __vector_84
                0x00000228                __vector_57
                0x00000228                __vector_53
                0x00000228                __vector_10
                0x00000228                __vector_50
                0x00000228                __vector_16
                0x00000228                __vector_59
                0x00000228                __vector_18
                0x00000228                __vector_97
                0x00000228                __vector_20
                0x00000228                __vector_42
                0x00000228                __vector_87
                0x00000228                __vector_65
                0x00000228                __vector_120
                0x0000022c                . = ALIGN (0x2)
 *(.text.*)
 .text.TWIC_SlaveProcessData
                0x0000022c       0x5a i2cAPI.o
 .text.__vector_45
                0x00000286       0x54 i2cAPI.o
                0x00000286                __vector_45
 .text.i2cAPI_init
                0x000002da       0x24 i2cAPI.o
                0x000002da                i2cAPI_init
 .text.i2cAPI_resetIfBusHogging
                0x000002fe       0x5c i2cAPI.o
                0x000002fe                i2cAPI_resetIfBusHogging
 .text.led_init
                0x0000035a       0x16 led.o
                0x0000035a                led_init
 .text.led_cmdToggle
                0x00000370        0x8 led.o
                0x00000370                led_cmdToggle
 .text.led_pingOn
                0x00000378        0x8 led.o
                0x00000378                led_pingOn
 .text.led_pingOff
                0x00000380        0x8 led.o
                0x00000380                led_pingOff
 .text.TWI_SlaveInitializeDriver
                0x00000388       0x16 twi_slave_driver.o
                0x00000388                TWI_SlaveInitializeDriver
 .text.TWI_SlaveInitializeModule
                0x0000039e       0x16 twi_slave_driver.o
                0x0000039e                TWI_SlaveInitializeModule
 .text.TWI_SlaveAddressMatchHandler
                0x000003b4       0x42 twi_slave_driver.o
                0x000003b4                TWI_SlaveAddressMatchHandler
 .text.TWI_SlaveStopHandler
                0x000003f6       0x2a twi_slave_driver.o
                0x000003f6                TWI_SlaveStopHandler
 .text.TWI_SlaveReadHandler
                0x00000420       0x74 twi_slave_driver.o
                0x00000420                TWI_SlaveReadHandler
 .text.TWI_SlaveWriteHandler
                0x00000494       0x60 twi_slave_driver.o
                0x00000494                TWI_SlaveWriteHandler
 .text.TWI_SlaveDataHandler
                0x000004f4       0x18 twi_slave_driver.o
                0x000004f4                TWI_SlaveDataHandler
 .text.TWI_SlaveInterruptHandler
                0x0000050c       0x5e twi_slave_driver.o
                0x0000050c                TWI_SlaveInterruptHandler
 .text.main     0x0000056a       0x5c main.o
                0x0000056a                main
                0x000005c6                . = ALIGN (0x2)
 *(.fini9)
 .fini9         0x000005c6        0x0 c:/program files (x86)/atmel/studio/7.0/toolchain/avr8/avr8-gnu-toolchain/bin/../lib/gcc/avr/4.9.2/avrxmega6\libgcc.a(_exit.o)
                0x000005c6                _exit
                0x000005c6                exit
 *(.fini9)
 *(.fini8)
 *(.fini8)
 *(.fini7)
 *(.fini7)
 *(.fini6)
 *(.fini6)
 *(.fini5)
 *(.fini5)
 *(.fini4)
 *(.fini4)
 *(.fini3)
 *(.fini3)
 *(.fini2)
 *(.fini2)
 *(.fini1)
 *(.fini1)
 *(.fini0)
 .fini0         0x000005c6        0x4 c:/program files (x86)/atmel/studio/7.0/toolchain/avr8/avr8-gnu-toolchain/bin/../lib/gcc/avr/4.9.2/avrxmega6\libgcc.a(_exit.o)
 *(.fini0)
                0x000005ca                _etext = .

.data           0x00802000        0x0 load address 0x000005ca
                0x00802000                PROVIDE (__data_start, .)
 *(.data)
 *(.data*)
 *(.rodata)
 *(.rodata*)
 *(.gnu.linkonce.d*)
                0x00802000                . = ALIGN (0x2)
                0x00802000                _edata = .
                0x00802000                PROVIDE (__data_end, .)

.bss            0x00802000       0x69
                0x00802000                PROVIDE (__bss_start, .)
 *(.bss)
 *(.bss*)
 .bss.byteQueue
                0x00802000       0x44 i2cAPI.o
 *(COMMON)
 COMMON         0x00802044       0x25 i2cAPI.o
                0x00802044                twiSlave
                0x00802069                PROVIDE (__bss_end, .)
                0x000005ca                __data_load_start = LOADADDR (.data)
                0x000005ca                __data_load_end = (__data_load_start + SIZEOF (.data))

.noinit         0x00802069        0x0
                0x00802069                PROVIDE (__noinit_start, .)
 *(.noinit*)
                0x00802069                PROVIDE (__noinit_end, .)
                0x00802069                _end = .
                0x00802069                PROVIDE (__heap_start, .)

.eeprom         0x00810000        0x0
 *(.eeprom*)
                0x00810000                __eeprom_end = .

.fuse
 *(.fuse)
 *(.lfuse)
 *(.hfuse)
 *(.efuse)

.lock
 *(.lock*)

.signature
 *(.signature*)

.user_signatures
 *(.user_signatures*)

.stab
 *(.stab)

.stabstr
 *(.stabstr)

.stab.excl
 *(.stab.excl)

.stab.exclstr
 *(.stab.exclstr)

.stab.index
 *(.stab.index)

.stab.indexstr
 *(.stab.indexstr)

.comment        0x00000000       0x30
 *(.comment)
 .comment       0x00000000       0x30 i2cAPI.o
                                 0x31 (size before relaxing)
 .comment       0x00000030       0x31 led.o
 .comment       0x00000030       0x31 twi_slave_driver.o
 .comment       0x00000030       0x31 main.o

.note.gnu.avr.deviceinfo
                0x00000000       0x40
 .note.gnu.avr.deviceinfo
                0x00000000       0x40 C:/Program Files (x86)/Atmel/Studio/7.0/Packs/atmel/XMEGAA_DFP/1.0.36/gcc/dev/atxmega256a3u/avrxmega6/crtatxmega256a3u.o

.note.gnu.build-id
 *(.note.gnu.build-id)

.debug
 *(.debug)

.line
 *(.line)

.debug_srcinfo
 *(.debug_srcinfo)

.debug_sfnames
 *(.debug_sfnames)

.debug_aranges  0x00000000      0x168
 *(.debug_aranges)
 .debug_aranges
                0x00000000       0x60 i2cAPI.o
 .debug_aranges
                0x00000060       0x88 led.o
 .debug_aranges
                0x000000e8       0x60 twi_slave_driver.o
 .debug_aranges
                0x00000148       0x20 main.o

.debug_pubnames
 *(.debug_pubnames)

.debug_info     0x00000000     0x1888
 *(.debug_info .gnu.linkonce.wi.*)
 .debug_info    0x00000000      0xbc3 i2cAPI.o
 .debug_info    0x00000bc3      0x375 led.o
 .debug_info    0x00000f38      0x702 twi_slave_driver.o
 .debug_info    0x0000163a      0x24e main.o

.debug_abbrev   0x00000000      0x80f
 *(.debug_abbrev)
 .debug_abbrev  0x00000000      0x3e0 i2cAPI.o
 .debug_abbrev  0x000003e0       0xe0 led.o
 .debug_abbrev  0x000004c0      0x20c twi_slave_driver.o
 .debug_abbrev  0x000006cc      0x143 main.o

.debug_line     0x00000000      0x8ce
 *(.debug_line .debug_line.* .debug_line_end)
 .debug_line    0x00000000      0x350 i2cAPI.o
 .debug_line    0x00000350      0x1e6 led.o
 .debug_line    0x00000536      0x221 twi_slave_driver.o
 .debug_line    0x00000757      0x177 main.o

.debug_frame    0x00000000      0x334
 *(.debug_frame)
 .debug_frame   0x00000000      0x16c i2cAPI.o
 .debug_frame   0x0000016c       0xf4 led.o
 .debug_frame   0x00000260       0xb0 twi_slave_driver.o
 .debug_frame   0x00000310       0x24 main.o

.debug_str      0x00000000      0x9e2
 *(.debug_str)
 .debug_str     0x00000000      0x700 i2cAPI.o
                                0x739 (size before relaxing)
 .debug_str     0x00000700       0xcd led.o
                                0x346 (size before relaxing)
 .debug_str     0x000007cd      0x204 twi_slave_driver.o
                                0x594 (size before relaxing)
 .debug_str     0x000009d1       0x11 main.o
                                0x24c (size before relaxing)

.debug_loc      0x00000000      0xbe3
 *(.debug_loc)
 .debug_loc     0x00000000      0x7d8 i2cAPI.o
 .debug_loc     0x000007d8       0x21 led.o
 .debug_loc     0x000007f9      0x3a9 twi_slave_driver.o
 .debug_loc     0x00000ba2       0x41 main.o

.debug_macinfo
 *(.debug_macinfo)

.debug_weaknames
 *(.debug_weaknames)

.debug_funcnames
 *(.debug_funcnames)

.debug_typenames
 *(.debug_typenames)

.debug_varnames
 *(.debug_varnames)

.debug_pubtypes
 *(.debug_pubtypes)

.debug_ranges   0x00000000      0x228
 *(.debug_ranges)
 .debug_ranges  0x00000000      0x150 i2cAPI.o
 .debug_ranges  0x00000150       0x78 led.o
 .debug_ranges  0x000001c8       0x50 twi_slave_driver.o
 .debug_ranges  0x00000218       0x10 main.o

.debug_macro
 *(.debug_macro)
OUTPUT(WatchdogResetTest.elf elf32-avr)
LOAD linker stubs
