Archive member included to satisfy reference by file (symbol)

c:/program files (x86)/atmel/studio/7.0/toolchain/avr8/avr8-gnu-toolchain/bin/../lib/gcc/avr/4.9.2/avrxmega6\libgcc.a(_exit.o)
                              C:/Program Files (x86)/Atmel/Studio/7.0/Packs/atmel/XMEGAA_DFP/1.0.36/gcc/dev/atxmega256a3u/avrxmega6/crtatxmega256a3u.o (exit)

Discarded input sections

 .data          0x00000000        0x0 C:/Program Files (x86)/Atmel/Studio/7.0/Packs/atmel/XMEGAA_DFP/1.0.36/gcc/dev/atxmega256a3u/avrxmega6/crtatxmega256a3u.o
 .bss           0x00000000        0x0 C:/Program Files (x86)/Atmel/Studio/7.0/Packs/atmel/XMEGAA_DFP/1.0.36/gcc/dev/atxmega256a3u/avrxmega6/crtatxmega256a3u.o
 .text          0x00000000        0x0 led.o
 .data          0x00000000        0x0 led.o
 .bss           0x00000000        0x0 led.o
 .text.led_cmdOn
                0x00000000        0x8 led.o
 .text.led_cmdOff
                0x00000000        0x8 led.o
 .text.led_cmdToggle
                0x00000000        0x8 led.o
 .text.led_pingOn
                0x00000000        0x8 led.o
 .text.led_pingOff
                0x00000000        0x8 led.o
 .text.led_pingToggle
                0x00000000        0x8 led.o
 .text.led_aliveOn
                0x00000000        0x8 led.o
 .text.led_aliveOff
                0x00000000        0x8 led.o
 .text.led_aliveToggle
                0x00000000        0x8 led.o
 .text.led_bitSet
                0x00000000       0x14 led.o
 .text.led_bitClear
                0x00000000       0x14 led.o
 .text.led_bitToggle
                0x00000000       0x14 led.o
 .text          0x00000000        0x0 limitSwitch.o
 .data          0x00000000        0x0 limitSwitch.o
 .bss           0x00000000        0x0 limitSwitch.o
 .text          0x00000000        0x0 main.o
 .data          0x00000000        0x0 main.o
 .bss           0x00000000        0x0 main.o
 .text          0x00000000        0x0 c:/program files (x86)/atmel/studio/7.0/toolchain/avr8/avr8-gnu-toolchain/bin/../lib/gcc/avr/4.9.2/avrxmega6\libgcc.a(_exit.o)
 .data          0x00000000        0x0 c:/program files (x86)/atmel/studio/7.0/toolchain/avr8/avr8-gnu-toolchain/bin/../lib/gcc/avr/4.9.2/avrxmega6\libgcc.a(_exit.o)
 .bss           0x00000000        0x0 c:/program files (x86)/atmel/studio/7.0/toolchain/avr8/avr8-gnu-toolchain/bin/../lib/gcc/avr/4.9.2/avrxmega6\libgcc.a(_exit.o)
 .text.libgcc.mul
                0x00000000        0x0 c:/program files (x86)/atmel/studio/7.0/toolchain/avr8/avr8-gnu-toolchain/bin/../lib/gcc/avr/4.9.2/avrxmega6\libgcc.a(_exit.o)
 .text.libgcc.div
                0x00000000        0x0 c:/program files (x86)/atmel/studio/7.0/toolchain/avr8/avr8-gnu-toolchain/bin/../lib/gcc/avr/4.9.2/avrxmega6\libgcc.a(_exit.o)
 .text.libgcc   0x00000000        0x0 c:/program files (x86)/atmel/studio/7.0/toolchain/avr8/avr8-gnu-toolchain/bin/../lib/gcc/avr/4.9.2/avrxmega6\libgcc.a(_exit.o)
 .text.libgcc.prologue
                0x00000000        0x0 c:/program files (x86)/atmel/studio/7.0/toolchain/avr8/avr8-gnu-toolchain/bin/../lib/gcc/avr/4.9.2/avrxmega6\libgcc.a(_exit.o)
 .text.libgcc.builtins
                0x00000000        0x0 c:/program files (x86)/atmel/studio/7.0/toolchain/avr8/avr8-gnu-toolchain/bin/../lib/gcc/avr/4.9.2/avrxmega6\libgcc.a(_exit.o)
 .text.libgcc.fmul
                0x00000000        0x0 c:/program files (x86)/atmel/studio/7.0/toolchain/avr8/avr8-gnu-toolchain/bin/../lib/gcc/avr/4.9.2/avrxmega6\libgcc.a(_exit.o)
 .text.libgcc.fixed
                0x00000000        0x0 c:/program files (x86)/atmel/studio/7.0/toolchain/avr8/avr8-gnu-toolchain/bin/../lib/gcc/avr/4.9.2/avrxmega6\libgcc.a(_exit.o)

Memory Configuration

Name             Origin             Length             Attributes
text             0x00000000         0x00100000         xr
data             0x00802000         0x0000ffa0         rw !x
eeprom           0x00810000         0x00010000         rw !x
fuse             0x00820000         0x00000400         rw !x
lock             0x00830000         0x00000400         rw !x
signature        0x00840000         0x00000400         rw !x
user_signatures  0x00850000         0x00000400         rw !x
*default*        0x00000000         0xffffffff

Linker script and memory map

LOAD C:/Program Files (x86)/Atmel/Studio/7.0/Packs/atmel/XMEGAA_DFP/1.0.36/gcc/dev/atxmega256a3u/avrxmega6/crtatxmega256a3u.o
LOAD led.o
LOAD limitSwitch.o
LOAD main.o
START GROUP
LOAD c:/program files (x86)/atmel/studio/7.0/toolchain/avr8/avr8-gnu-toolchain/bin/../lib/gcc/avr/4.9.2/../../../../avr/lib/avrxmega6\libm.a
END GROUP
START GROUP
LOAD c:/program files (x86)/atmel/studio/7.0/toolchain/avr8/avr8-gnu-toolchain/bin/../lib/gcc/avr/4.9.2/avrxmega6\libgcc.a
LOAD c:/program files (x86)/atmel/studio/7.0/toolchain/avr8/avr8-gnu-toolchain/bin/../lib/gcc/avr/4.9.2/../../../../avr/lib/avrxmega6\libm.a
LOAD c:/program files (x86)/atmel/studio/7.0/toolchain/avr8/avr8-gnu-toolchain/bin/../lib/gcc/avr/4.9.2/../../../../avr/lib/avrxmega6\libc.a
LOAD C:/Program Files (x86)/Atmel/Studio/7.0/Packs/atmel/XMEGAA_DFP/1.0.36/gcc/dev/atxmega256a3u/avrxmega6\libatxmega256a3u.a
END GROUP

.hash
 *(.hash)

.dynsym
 *(.dynsym)

.dynstr
 *(.dynstr)

.gnu.version
 *(.gnu.version)

.gnu.version_d
 *(.gnu.version_d)

.gnu.version_r
 *(.gnu.version_r)

.rel.init
 *(.rel.init)

.rela.init
 *(.rela.init)

.rel.text
 *(.rel.text)
 *(.rel.text.*)
 *(.rel.gnu.linkonce.t*)

.rela.text
 *(.rela.text)
 *(.rela.text.*)
 *(.rela.gnu.linkonce.t*)

.rel.fini
 *(.rel.fini)

.rela.fini
 *(.rela.fini)

.rel.rodata
 *(.rel.rodata)
 *(.rel.rodata.*)
 *(.rel.gnu.linkonce.r*)

.rela.rodata
 *(.rela.rodata)
 *(.rela.rodata.*)
 *(.rela.gnu.linkonce.r*)

.rel.data
 *(.rel.data)
 *(.rel.data.*)
 *(.rel.gnu.linkonce.d*)

.rela.data
 *(.rela.data)
 *(.rela.data.*)
 *(.rela.gnu.linkonce.d*)

.rel.ctors
 *(.rel.ctors)

.rela.ctors
 *(.rela.ctors)

.rel.dtors
 *(.rel.dtors)

.rela.dtors
 *(.rela.dtors)

.rel.got
 *(.rel.got)

.rela.got
 *(.rela.got)

.rel.bss
 *(.rel.bss)

.rela.bss
 *(.rela.bss)

.rel.plt
 *(.rel.plt)

.rela.plt
 *(.rela.plt)

.text           0x00000000      0x2ae
 *(.vectors)
 .vectors       0x00000000      0x1fc C:/Program Files (x86)/Atmel/Studio/7.0/Packs/atmel/XMEGAA_DFP/1.0.36/gcc/dev/atxmega256a3u/avrxmega6/crtatxmega256a3u.o
                0x00000000                __vector_default
                0x00000000                __vectors
 *(.vectors)
 *(.progmem.gcc*)
                0x000001fc                . = ALIGN (0x2)
                0x000001fc                __trampolines_start = .
 *(.trampolines)
 .trampolines   0x000001fc        0x0 linker stubs
 *(.trampolines*)
                0x000001fc                __trampolines_end = .
 *(.progmem*)
                0x000001fc                . = ALIGN (0x2)
 *(.jumptables)
 *(.jumptables*)
 *(.lowtext)
 *(.lowtext*)
                0x000001fc                __ctors_start = .
 *(.ctors)
                0x000001fc                __ctors_end = .
                0x000001fc                __dtors_start = .
 *(.dtors)
                0x000001fc                __dtors_end = .
 SORT(*)(.ctors)
 SORT(*)(.dtors)
 *(.init0)
 .init0         0x000001fc        0x0 C:/Program Files (x86)/Atmel/Studio/7.0/Packs/atmel/XMEGAA_DFP/1.0.36/gcc/dev/atxmega256a3u/avrxmega6/crtatxmega256a3u.o
                0x000001fc                __init
 *(.init0)
 *(.init1)
 *(.init1)
 *(.init2)
 .init2         0x000001fc       0x10 C:/Program Files (x86)/Atmel/Studio/7.0/Packs/atmel/XMEGAA_DFP/1.0.36/gcc/dev/atxmega256a3u/avrxmega6/crtatxmega256a3u.o
 *(.init2)
 *(.init3)
 *(.init3)
 *(.init4)
 *(.init4)
 *(.init5)
 *(.init5)
 *(.init6)
 *(.init6)
 *(.init7)
 *(.init7)
 *(.init8)
 *(.init8)
 *(.init9)
 .init9         0x0000020c        0x8 C:/Program Files (x86)/Atmel/Studio/7.0/Packs/atmel/XMEGAA_DFP/1.0.36/gcc/dev/atxmega256a3u/avrxmega6/crtatxmega256a3u.o
 *(.init9)
 *(.text)
 .text          0x00000214        0x4 C:/Program Files (x86)/Atmel/Studio/7.0/Packs/atmel/XMEGAA_DFP/1.0.36/gcc/dev/atxmega256a3u/avrxmega6/crtatxmega256a3u.o
                0x00000214                __vector_38
                0x00000214                __vector_104
                0x00000214                __vector_22
                0x00000214                __vector_63
                0x00000214                __vector_28
                0x00000214                __vector_67
                0x00000214                __vector_1
                0x00000214                __vector_119
                0x00000214                __vector_32
                0x00000214                __vector_75
                0x00000214                __vector_71
                0x00000214                __vector_91
                0x00000214                __vector_34
                0x00000214                __vector_62
                0x00000214                __vector_77
                0x00000214                __vector_102
                0x00000214                __vector_24
                0x00000214                __vector_12
                0x00000214                __vector_55
                0x00000214                __vector_69
                0x00000214                __vector_81
                0x00000214                __vector_90
                0x00000214                __vector_46
                0x00000214                __bad_interrupt
                0x00000214                __vector_122
                0x00000214                __vector_72
                0x00000214                __vector_114
                0x00000214                __vector_6
                0x00000214                __vector_110
                0x00000214                __vector_31
                0x00000214                __vector_92
                0x00000214                __vector_35
                0x00000214                __vector_78
                0x00000214                __vector_74
                0x00000214                __vector_117
                0x00000214                __vector_39
                0x00000214                __vector_107
                0x00000214                __vector_3
                0x00000214                __vector_105
                0x00000214                __vector_98
                0x00000214                __vector_23
                0x00000214                __vector_68
                0x00000214                __vector_30
                0x00000214                __vector_73
                0x00000214                __vector_45
                0x00000214                __vector_25
                0x00000214                __vector_93
                0x00000214                __vector_61
                0x00000214                __vector_11
                0x00000214                __vector_54
                0x00000214                __vector_99
                0x00000214                __vector_13
                0x00000214                __vector_17
                0x00000214                __vector_19
                0x00000214                __vector_56
                0x00000214                __vector_7
                0x00000214                __vector_125
                0x00000214                __vector_49
                0x00000214                __vector_123
                0x00000214                __vector_41
                0x00000214                __vector_86
                0x00000214                __vector_100
                0x00000214                __vector_101
                0x00000214                __vector_64
                0x00000214                __vector_88
                0x00000214                __vector_109
                0x00000214                __vector_43
                0x00000214                __vector_27
                0x00000214                __vector_5
                0x00000214                __vector_113
                0x00000214                __vector_33
                0x00000214                __vector_76
                0x00000214                __vector_115
                0x00000214                __vector_47
                0x00000214                __vector_52
                0x00000214                __vector_37
                0x00000214                __vector_95
                0x00000214                __vector_103
                0x00000214                __vector_96
                0x00000214                __vector_89
                0x00000214                __vector_108
                0x00000214                __vector_4
                0x00000214                __vector_44
                0x00000214                __vector_82
                0x00000214                __vector_106
                0x00000214                __vector_118
                0x00000214                __vector_51
                0x00000214                __vector_9
                0x00000214                __vector_2
                0x00000214                __vector_21
                0x00000214                __vector_15
                0x00000214                __vector_66
                0x00000214                __vector_36
                0x00000214                __vector_79
                0x00000214                __vector_58
                0x00000214                __vector_70
                0x00000214                __vector_83
                0x00000214                __vector_29
                0x00000214                __vector_60
                0x00000214                __vector_121
                0x00000214                __vector_40
                0x00000214                __vector_85
                0x00000214                __vector_94
                0x00000214                __vector_126
                0x00000214                __vector_8
                0x00000214                __vector_26
                0x00000214                __vector_48
                0x00000214                __vector_124
                0x00000214                __vector_116
                0x00000214                __vector_112
                0x00000214                __vector_111
                0x00000214                __vector_80
                0x00000214                __vector_14
                0x00000214                __vector_84
                0x00000214                __vector_57
                0x00000214                __vector_53
                0x00000214                __vector_10
                0x00000214                __vector_50
                0x00000214                __vector_16
                0x00000214                __vector_59
                0x00000214                __vector_18
                0x00000214                __vector_97
                0x00000214                __vector_20
                0x00000214                __vector_42
                0x00000214                __vector_87
                0x00000214                __vector_65
                0x00000214                __vector_120
                0x00000218                . = ALIGN (0x2)
 *(.text.*)
 .text.led_init
                0x00000218       0x16 led.o
                0x00000218                led_init
 .text.led_dataOut
                0x0000022e        0x8 led.o
                0x0000022e                led_dataOut
 .text.limitSwitch_init
                0x00000236       0x18 limitSwitch.o
                0x00000236                limitSwitch_init
 .text.atLimitA0
                0x0000024e        0xa limitSwitch.o
                0x0000024e                atLimitA0
 .text.atLimitB0
                0x00000258        0xa limitSwitch.o
                0x00000258                atLimitB0
 .text.atLimitA1
                0x00000262        0xa limitSwitch.o
                0x00000262                atLimitA1
 .text.atLimitB1
                0x0000026c        0xa limitSwitch.o
                0x0000026c                atLimitB1
 .text.main     0x00000276       0x34 main.o
                0x00000276                main
                0x000002aa                . = ALIGN (0x2)
 *(.fini9)
 .fini9         0x000002aa        0x0 c:/program files (x86)/atmel/studio/7.0/toolchain/avr8/avr8-gnu-toolchain/bin/../lib/gcc/avr/4.9.2/avrxmega6\libgcc.a(_exit.o)
                0x000002aa                _exit
                0x000002aa                exit
 *(.fini9)
 *(.fini8)
 *(.fini8)
 *(.fini7)
 *(.fini7)
 *(.fini6)
 *(.fini6)
 *(.fini5)
 *(.fini5)
 *(.fini4)
 *(.fini4)
 *(.fini3)
 *(.fini3)
 *(.fini2)
 *(.fini2)
 *(.fini1)
 *(.fini1)
 *(.fini0)
 .fini0         0x000002aa        0x4 c:/program files (x86)/atmel/studio/7.0/toolchain/avr8/avr8-gnu-toolchain/bin/../lib/gcc/avr/4.9.2/avrxmega6\libgcc.a(_exit.o)
 *(.fini0)
                0x000002ae                _etext = .

.data           0x00802000        0x0 load address 0x000002ae
                0x00802000                PROVIDE (__data_start, .)
 *(.data)
 *(.data*)
 *(.rodata)
 *(.rodata*)
 *(.gnu.linkonce.d*)
                0x00802000                . = ALIGN (0x2)
                0x00802000                _edata = .
                0x00802000                PROVIDE (__data_end, .)

.bss            0x00802000        0x0
                0x00802000                PROVIDE (__bss_start, .)
 *(.bss)
 *(.bss*)
 *(COMMON)
                0x00802000                PROVIDE (__bss_end, .)
                0x000002ae                __data_load_start = LOADADDR (.data)
                0x000002ae                __data_load_end = (__data_load_start + SIZEOF (.data))

.noinit         0x00802000        0x0
                0x00802000                PROVIDE (__noinit_start, .)
 *(.noinit*)
                0x00802000                PROVIDE (__noinit_end, .)
                0x00802000                _end = .
                0x00802000                PROVIDE (__heap_start, .)

.eeprom         0x00810000        0x0
 *(.eeprom*)
                0x00810000                __eeprom_end = .

.fuse
 *(.fuse)
 *(.lfuse)
 *(.hfuse)
 *(.efuse)

.lock
 *(.lock*)

.signature
 *(.signature*)

.user_signatures
 *(.user_signatures*)

.stab
 *(.stab)

.stabstr
 *(.stabstr)

.stab.excl
 *(.stab.excl)

.stab.exclstr
 *(.stab.exclstr)

.stab.index
 *(.stab.index)

.stab.indexstr
 *(.stab.indexstr)

.comment        0x00000000       0x30
 *(.comment)
 .comment       0x00000000       0x30 led.o
                                 0x31 (size before relaxing)
 .comment       0x00000030       0x31 limitSwitch.o
 .comment       0x00000030       0x31 main.o

.note.gnu.avr.deviceinfo
                0x00000000       0x40
 .note.gnu.avr.deviceinfo
                0x00000000       0x40 C:/Program Files (x86)/Atmel/Studio/7.0/Packs/atmel/XMEGAA_DFP/1.0.36/gcc/dev/atxmega256a3u/avrxmega6/crtatxmega256a3u.o

.note.gnu.build-id
 *(.note.gnu.build-id)

.debug
 *(.debug)

.line
 *(.line)

.debug_srcinfo
 *(.debug_srcinfo)

.debug_sfnames
 *(.debug_sfnames)

.debug_aranges  0x00000000       0xe8
 *(.debug_aranges)
 .debug_aranges
                0x00000000       0x88 led.o
 .debug_aranges
                0x00000088       0x40 limitSwitch.o
 .debug_aranges
                0x000000c8       0x20 main.o

.debug_pubnames
 *(.debug_pubnames)

.debug_info     0x00000000      0x824
 *(.debug_info .gnu.linkonce.wi.*)
 .debug_info    0x00000000      0x375 led.o
 .debug_info    0x00000375      0x33f limitSwitch.o
 .debug_info    0x000006b4      0x170 main.o

.debug_abbrev   0x00000000      0x283
 *(.debug_abbrev)
 .debug_abbrev  0x00000000       0xe0 led.o
 .debug_abbrev  0x000000e0       0xc0 limitSwitch.o
 .debug_abbrev  0x000001a0       0xe3 main.o

.debug_line     0x00000000      0x41d
 *(.debug_line .debug_line.* .debug_line_end)
 .debug_line    0x00000000      0x1e6 led.o
 .debug_line    0x000001e6      0x15e limitSwitch.o
 .debug_line    0x00000344       0xd9 main.o

.debug_frame    0x00000000      0x17c
 *(.debug_frame)
 .debug_frame   0x00000000       0xf4 led.o
 .debug_frame   0x000000f4       0x64 limitSwitch.o
 .debug_frame   0x00000158       0x24 main.o

.debug_str      0x00000000      0x498
 *(.debug_str)
 .debug_str     0x00000000      0x30e led.o
                                0x342 (size before relaxing)
 .debug_str     0x0000030e      0x171 limitSwitch.o
                                0x3e0 (size before relaxing)
 .debug_str     0x0000047f       0x19 main.o
                                0x200 (size before relaxing)

.debug_loc      0x00000000       0x40
 *(.debug_loc)
 .debug_loc     0x00000000       0x21 led.o
 .debug_loc     0x00000021       0x1f main.o

.debug_macinfo
 *(.debug_macinfo)

.debug_weaknames
 *(.debug_weaknames)

.debug_funcnames
 *(.debug_funcnames)

.debug_typenames
 *(.debug_typenames)

.debug_varnames
 *(.debug_varnames)

.debug_pubtypes
 *(.debug_pubtypes)

.debug_ranges   0x00000000       0xb8
 *(.debug_ranges)
 .debug_ranges  0x00000000       0x78 led.o
 .debug_ranges  0x00000078       0x30 limitSwitch.o
 .debug_ranges  0x000000a8       0x10 main.o

.debug_macro
 *(.debug_macro)
OUTPUT(LimitSwitchTest.elf elf32-avr)
LOAD linker stubs
